﻿
> install_tmp@0.0.0 build
> vite build

[36mvite v8.0.8 [32mbuilding client environment for production...[36m[39m
[2K
node.exe : Error: Cannot apply unknown utility class `border-border`
No linha:1 caractere:1
+ & "C:\Program Files\nodejs/node.exe" "C:\Program Files\nodejs/node_mo ...
+ ~~~~~~~~~~~~~~~~~~~~~~~~~~~~~~~~~~~~~~~~~~~~~~~~~~~~~~~~~~~~~~~~~~~~~
    + CategoryInfo          : NotSpecified: (Error: Cannot a...`border-border`:String) [], RemoteException
    + FullyQualifiedErrorId : NativeCommandError
 
    at onInvalidCandidate (C:\Users\Julio 
Calado\.gemini\antigravity\scratch\point-hugao\node_modules\tailwindcss\dist\lib.js:21:1511)
    at Ee (C:\Users\Julio Calado\.gemini\antigravity\scratch\point-hugao\node_modules\tailwindcss\dist\lib.js:16:37066)
    at C:\Users\Julio Calado\.gemini\antigravity\scratch\point-hugao\node_modules\tailwindcss\dist\lib.js:21:355
    at _r (C:\Users\Julio Calado\.gemini\antigravity\scratch\point-hugao\node_modules\tailwindcss\dist\lib.js:3:1733)
    at I (C:\Users\Julio Calado\.gemini\antigravity\scratch\point-hugao\node_modules\tailwindcss\dist\lib.js:3:1377)
    at Te (C:\Users\Julio Calado\.gemini\antigravity\scratch\point-hugao\node_modules\tailwindcss\dist\lib.js:21:172)
    at mn (C:\Users\Julio Calado\.gemini\antigravity\scratch\point-hugao\node_modules\tailwindcss\dist\lib.js:38:294)
    at async gn (C:\Users\Julio 
Calado\.gemini\antigravity\scratch\point-hugao\node_modules\tailwindcss\dist\lib.js:38:631)
    at async Xr (C:\Users\Julio 
Calado\.gemini\antigravity\scratch\point-hugao\node_modules\@tailwindcss\node\dist\index.js:10:3416)
    at async N (C:\Users\Julio 
Calado\.gemini\antigravity\scratch\point-hugao\node_modules\@tailwindcss\postcss\dist\index.js:10:3979)
transforming...Ô£ô 2122 modules transformed.
[31mÔ£ù[39m Build failed in 512ms
[31merror during build:
[31mBuild failed with 1 error:

[plugin vite:css] C:/Users/Julio Calado/.gemini/antigravity/scratch/point-hugao/src/index.css:1:0
CssSyntaxError: [postcss] tailwindcss: C:/Users/Julio 
Calado/.gemini/antigravity/scratch/point-hugao/src/index.css:1:1: Cannot apply unknown utility class `border-border`
    at Input.error (C:\Users\Julio 
Calado\.gemini\antigravity\scratch\point-hugao\node_modules\postcss\lib\input.js:135:16)
    at Root.error (C:\Users\Julio 
Calado\.gemini\antigravity\scratch\point-hugao\node_modules\postcss\lib\node.js:146:32)
    at Object.Once (C:\Users\Julio 
Calado\.gemini\antigravity\scratch\point-hugao\node_modules\@tailwindcss\postcss\dist\index.js:10:6913)
    at async LazyResult.runAsync (C:\Users\Julio 
Calado\.gemini\antigravity\scratch\point-hugao\node_modules\postcss\lib\lazy-result.js:293:11)
    at async runPostCSS (file:///C:/Users/Julio%20Calado/.gemini/antigravity/scratch/point-hugao/node_modules/vite/dist
/node/chunks/node.js:21003:19)
    at async compilePostCSS (file:///C:/Users/Julio%20Calado/.gemini/antigravity/scratch/point-hugao/node_modules/vite/
dist/node/chunks/node.js:20987:6)
    at async compileCSS (file:///C:/Users/Julio%20Calado/.gemini/antigravity/scratch/point-hugao/node_modules/vite/dist
/node/chunks/node.js:20917:26)
    at async TransformPluginContextImpl.handler (file:///C:/Users/Julio%20Calado/.gemini/antigravity/scratch/point-huga
o/node_modules/vite/dist/node/chunks/node.js:20433:47)
    at async plugin (file:///C:/Users/Julio%20Calado/.gemini/antigravity/scratch/point-hugao/node_modules/rolldown/dist
/shared/bindingify-input-options-DYpBf1OG.mjs:1172:16)
    at async plugin.<computed> (file:///C:/Users/Julio%20Calado/.gemini/antigravity/scratch/point-hugao/node_modules/ro
lldown/dist/shared/bindingify-input-options-DYpBf1OG.mjs:1636:12)[31m
    at aggregateBindingErrorsIntoJsError (file:///C:/Users/Julio%20Calado/.gemini/antigravity/scratch/point-hugao/node_
modules/rolldown/dist/shared/error-w0u7biK-.mjs:48:18)
    at unwrapBindingResult (file:///C:/Users/Julio%20Calado/.gemini/antigravity/scratch/point-hugao/node_modules/rolldo
wn/dist/shared/error-w0u7biK-.mjs:18:128)
    at #build (file:///C:/Users/Julio%20Calado/.gemini/antigravity/scratch/point-hugao/node_modules/rolldown/dist/share
d/rolldown-build-DtGk-m96.mjs:3313:34)
    at async buildEnvironment (file:///C:/Users/Julio%20Calado/.gemini/antigravity/scratch/point-hugao/node_modules/vit
e/dist/node/chunks/node.js:32954:64)
    at async Object.build (file:///C:/Users/Julio%20Calado/.gemini/antigravity/scratch/point-hugao/node_modules/vite/di
st/node/chunks/node.js:33376:19)
    at async Object.buildApp (file:///C:/Users/Julio%20Calado/.gemini/antigravity/scratch/point-hugao/node_modules/vite
/dist/node/chunks/node.js:33373:153)
    at async CAC.<anonymous> 
(file:///C:/Users/Julio%20Calado/.gemini/antigravity/scratch/point-hugao/node_modules/vite/dist/node/cli.js:778:3) {
  errors: [Getter/Setter]
}[39m
